============================================
Job ID:       19784787
Node:         gcn57
GPUs:         1
Start time:   Fri Feb 20 13:36:50 CET 2026
Working dir:  /gpfs/home6/lmesogeiti/bbox_learn/bbox_learn
============================================
Python:       /home/lmesogeiti/venvs/guidedbox/bin/python
Python ver:   Python 3.9.21
PyTorch: 2.8.0+cu126
CUDA available: True
GPU: NVIDIA A100-SXM4-40GB
Project dir:  /gpfs/home6/lmesogeiti/bbox_learn/bbox_learn
============================================
Starting grid search...

Downloading: "https://download.pytorch.org/models/resnet50-0676ba61.pth" to /home/lmesogeiti/.cache/torch/hub/checkpoints/resnet50-0676ba61.pth

============================================
Job finished:  Fri Feb 20 14:49:10 CET 2026
Exit code:     0
============================================
